(gdb) b main
Breakpoint 1 at 0x40146e: file problem07.c, line 9.
(gdb) r
Starting program: C:\Users\sreee\csecondsem\c_activity_sets\set01/problem07.exe
[New Thread 7180.0x3760]
[New Thread 7180.0x285c]

Breakpoint 1, main () at problem07.c:9
warning: Source file is more recent than executable.
9           int n = input_n();
(gdb) n
Enter a positive integer: n
10          int sum = sum_n_nos(n);
(gdb) n
11          output(n, sum);
(gdb) n
The sum of all natural numbers until 6422476 is **-330758866**.        
12          return 0;
(gdb) n
13      }
(gdb) n
0x00401288 in __register_frame_info ()
(gdb) n
Single stepping until exit from function __register_frame_info,
which has no line number information.
0x0040128a in __register_frame_info ()
(gdb) n
Single stepping until exit from function __register_frame_info,        
which has no line number information.
0x0040128f in __register_frame_info ()
(gdb) n
Single stepping until exit from function __register_frame_info,
which has no line number information.
0x00401292 in __register_frame_info ()
(gdb) quit
A debugging session is active.

        Inferior 1 [process 7180] will be killed.

Quit anyway? (y or n) y

error return ../../gdb-7.6.1/gdb/windows-nat.c:1275 was 5